// Jest Snapshot v1, https://goo.gl/fbAQLP

exports[`<InlineLoader /> matches the snapshot 1`] = `
<span
  className=""
>
  <FontAwesomeIcon
    border={false}
    className="text-primary test-classname"
    fixedWidth={false}
    flip={null}
    icon="circle-notch"
    inverse={false}
    listItem={false}
    mask={null}
    pull={null}
    pulse={false}
    rotation={null}
    size={null}
    spin={true}
    symbol={false}
    title=""
    transform={null}
  />
</span>
`;
